2026-06-22 21:31:08,014 - apscheduler.scheduler - INFO - Scheduler started
2026-06-22 21:31:08,016 - apscheduler.scheduler - INFO - Added job "PlayerService.complete_unpublishing" to job store "default"
2026-06-22 21:31:08,017 - apscheduler.scheduler - INFO - Added job "ClanService.complete_unpublishing" to job store "default"
2026-06-22 21:31:08,017 - aiogram.dispatcher - INFO - Start polling
2026-06-22 21:31:08,520 - aiogram.dispatcher - INFO - Run polling for bot @Pchugl_bot id=8935039524 - 'Beegle'
2026-06-22 21:31:42,945 - aiogram.dispatcher - INFO - Polling stopped
2026-06-22 21:31:42,947 - aiogram.dispatcher - ERROR - Failed to fetch updates - TelegramNetworkError: HTTP Client says - ServerDisconnectedError: Server disconnected
2026-06-22 21:31:42,953 - aiogram.dispatcher - WARNING - Sleep for 1.000000 seconds and try again... (tryings = 0, bot id = 8935039524)
2026-06-22 21:31:43,214 - aiogram.dispatcher - INFO - Polling stopped for bot @Pchugl_bot id=8935039524 - 'Beegle'
2026-06-22 21:31:48,645 - apscheduler.scheduler - INFO - Scheduler started
2026-06-22 21:31:48,648 - apscheduler.scheduler - INFO - Added job "PlayerService.complete_unpublishing" to job store "default"
2026-06-22 21:31:48,648 - apscheduler.scheduler - INFO - Added job "ClanService.complete_unpublishing" to job store "default"
2026-06-22 21:31:48,648 - aiogram.dispatcher - INFO - Start polling
2026-06-22 21:31:48,820 - aiogram.dispatcher - INFO - Run polling for bot @Pchugl_bot id=8935039524 - 'Beegle'
2026-06-22 21:32:19,518 - aiogram.dispatcher - ERROR - Failed to fetch updates - TelegramNetworkError: HTTP Client says - ClientOSError: [WinError 1236] Подключение к сети было разорвано локальной системой
2026-06-22 21:32:19,519 - aiogram.dispatcher - WARNING - Sleep for 1.000000 seconds and try again... (tryings = 0, bot id = 8935039524)
2026-06-22 21:32:30,909 - aiogram.dispatcher - INFO - Polling stopped
2026-06-22 21:32:31,174 - aiogram.dispatcher - INFO - Polling stopped for bot @Pchugl_bot id=8935039524 - 'Beegle'
2026-06-22 21:32:36,039 - apscheduler.scheduler - INFO - Scheduler started
2026-06-22 21:32:36,040 - apscheduler.scheduler - INFO - Added job "PlayerService.complete_unpublishing" to job store "default"
2026-06-22 21:32:36,041 - apscheduler.scheduler - INFO - Added job "ClanService.complete_unpublishing" to job store "default"
2026-06-22 21:32:36,041 - aiogram.dispatcher - INFO - Start polling
2026-06-22 21:32:36,283 - aiogram.dispatcher - INFO - Run polling for bot @Pchugl_bot id=8935039524 - 'Beegle'
2026-06-22 21:33:11,182 - aiogram.dispatcher - ERROR - Failed to fetch updates - TelegramNetworkError: HTTP Client says - ClientOSError: [WinError 1236] Подключение к сети было разорвано локальной системой
2026-06-22 21:33:11,182 - aiogram.dispatcher - WARNING - Sleep for 1.000000 seconds and try again... (tryings = 0, bot id = 8935039524)
2026-06-22 21:33:27,401 - aiogram.dispatcher - INFO - Polling stopped
2026-06-22 21:33:27,655 - aiogram.dispatcher - INFO - Polling stopped for bot @Pchugl_bot id=8935039524 - 'Beegle'
2026-06-22 21:33:32,118 - apscheduler.scheduler - INFO - Scheduler started
2026-06-22 21:33:32,120 - apscheduler.scheduler - INFO - Added job "PlayerService.complete_unpublishing" to job store "default"
2026-06-22 21:33:32,120 - apscheduler.scheduler - INFO - Added job "ClanService.complete_unpublishing" to job store "default"
2026-06-22 21:33:32,121 - aiogram.dispatcher - INFO - Start polling
2026-06-22 21:33:32,331 - aiogram.dispatcher - INFO - Run polling for bot @Pchugl_bot id=8935039524 - 'Beegle'
